
There are no discarded input sections

Memory Configuration

Name             Origin             Length             Attributes
SRAM             0x20000000         0x00020000         xrw
FLASH            0x08000000         0x00100000         xr
*default*        0x00000000         0xffffffff

Linker script and memory map

LOAD /usr/lib/gcc/arm-none-eabi/13.2.1/../../../arm-none-eabi/lib/thumb/v7e-m+fp/hard/libc.a
LOAD /usr/lib/gcc/arm-none-eabi/13.2.1/thumb/v7e-m+fp/hard/libgcc.a
LOAD src/obj/main.o
LOAD src/obj/startup_STM32F407VGT6.o
LOAD /tmp/cc2dDaRV.o
LOAD /tmp/ccuFXh9n.o
LOAD /tmp/ccN3d86A.o
LOAD /tmp/ccAIduG4.o
LOAD /tmp/cctAzJwe.o
LOAD /tmp/ccUUBVcM.o
LOAD /tmp/ccubvliB.o
LOAD /tmp/ccMxHUoR.o
LOAD /tmp/ccylE07R.o
                0x20020000                        _estack = (ORIGIN (SRAM) + LENGTH (SRAM))

.isr_vector     0x08000000      0x194
                0x08000000                        . = ALIGN (0x4)
 *(.isr_vector)
 .isr_vector    0x08000000      0x194 src/obj/startup_STM32F407VGT6.o
                0x08000000                fpn_vector
                0x08000194                        . = ALIGN (0x4)

.text           0x08000194     0x7918
                0x08000194                        . = ALIGN (0x4)
 *(.text)
 .text          0x08000194      0x268 src/obj/main.o
                0x08000194                vApplicationIdleHook
                0x080001a2                vApplicationTickHook
                0x080001b0                vApplicationMallocFailedHook
                0x080001ce                vApplicationStackOverflowHook
                0x080001f0                memcpy
                0x0800022e                memset
                0x08000378                main
 .text          0x080003fc       0x6c src/obj/startup_STM32F407VGT6.o
                0x080003fc                Reset_handler
                0x08000460                UART2_handler
                0x08000460                EXTI15_10_handler
                0x08000460                DMA1_Stream7_handler
                0x08000460                UART1_handler
                0x08000460                TIM1_UP_TIM10_handler
                0x08000460                EXTI0_handler
                0x08000460                DMA1_Stream1_handler
                0x08000460                SDIO_handler
                0x08000460                NMI_handler
                0x08000460                DMA2_Stream3_handler
                0x08000460                TIM2_handler
                0x08000460                SPI3_handler
                0x08000460                TIM3_handler
                0x08000460                WWDG_handler
                0x08000460                UART6_handler
                0x08000460                SPI2_handler
                0x08000460                UsuageFault_handler
                0x08000460                DMA2_Stream6_handler
                0x08000460                DebugMonitor_handler
                0x08000460                I2C3_ER_handler
                0x08000460                DMA1_Stream3_handler
                0x08000460                MemManage_handler
                0x08000460                SPI4_handler
                0x08000460                HardFault_handler
                0x08000460                DMA1_Stream5_handler
                0x08000460                FPU_handler
                0x08000460                DMA2_Stream5_handler
                0x08000460                EXITI21_TAMP_STAMP_handler
                0x08000460                EXTI18_OTG_FS_WKUP_handler
                0x08000460                RCC_handler
                0x08000460                EXTI2_handler
                0x08000460                DMA2_Stream1_handler
                0x08000460                I2C1_ER_handler
                0x08000460                EXTI9_5__handler
                0x08000460                EXTI17_RTC_Alarm_handler
                0x08000460                I2C2_EV_handler
                0x08000460                EXITI22_RTC_WKUP_handler
                0x08000460                EXTI3_handler
                0x08000460                DMA2_Stream0_handler
                0x08000460                FLASH_handler
                0x08000460                OTG_FS_handler
                0x08000460                DMA1_Stream4_handler
                0x08000460                I2C2_ER_handler
                0x08000460                TIM1_BRK_TIM9_handler
                0x08000460                TIM4_handler
                0x08000460                DMA1_Stream2_handler
                0x08000460                EXTI4_handler
                0x08000460                DMA1_Stream6_handler
                0x08000460                ADC_handler
                0x08000460                I2C1_EV_handler
                0x08000460                SPI1_handler
                0x08000460                DMA2_Stream4_handler
                0x08000460                DMA2_Stream7_handler
                0x08000460                DMA1_Stream0_handler
                0x08000460                DMA2_Stream2_handler
                0x08000460                EXTI1_handler
                0x08000460                TIM1_TRG_COM_TIM11_handler
                0x08000460                TIM5_handler
                0x08000460                EXITI16_PVD__handler
                0x08000460                I2C3_EV_handler
                0x08000460                BusFault_handler
                0x08000460                TIM1_CC_handler
                0x08000460                Default_handler
 .text          0x08000468        0x0 /tmp/cc2dDaRV.o
 .text          0x08000468      0x64c /tmp/ccuFXh9n.o
                0x08000468                xEventGroupCreate
                0x08000496                xEventGroupSync
                0x080005f8                xEventGroupWaitBits
                0x0800079c                xEventGroupClearBits
                0x0800080e                xEventGroupGetBitsFromISR
                0x08000856                xEventGroupSetBits
                0x08000972                vEventGroupDelete
                0x080009f4                vEventGroupSetBitsCallback
                0x08000a0e                vEventGroupClearBitsCallback
                0x08000a6c                uxEventGroupGetNumber
                0x08000a98                vEventGroupSetNumber
 .text          0x08000ab4      0x168 /tmp/ccN3d86A.o
                0x08000ab4                vListInitialise
                0x08000af4                vListInitialiseItem
                0x08000b0e                vListInsertEnd
                0x08000b56                vListInsert
                0x08000bc8                uxListRemove
 .text          0x08000c1c     0x1654 /tmp/ccAIduG4.o
                0x08000c1c                xQueueGenericReset
                0x08000d40                xQueueGenericCreate
                0x08000e58                xQueueCreateMutex
                0x08000e88                xQueueGiveMutexRecursive
                0x08000ef2                xQueueTakeMutexRecursive
                0x08000fa0                xQueueCreateCountingSemaphore
                0x08000ffe                xQueueGenericSend
                0x08001204                xQueueGenericSendFromISR
                0x0800135e                xQueueGiveFromISR
                0x080014a6                xQueueReceive
                0x0800166c                xQueueSemaphoreTake
                0x0800186c                xQueuePeek
                0x08001a1c                xQueueReceiveFromISR
                0x08001b50                xQueuePeekFromISR
                0x08001c20                uxQueueMessagesWaiting
                0x08001c5e                uxQueueSpacesAvailable
                0x08001ca6                uxQueueMessagesWaitingFromISR
                0x08001ce4                vQueueDelete
                0x08001d22                uxQueueGetQueueNumber
                0x08001d3a                vQueueSetQueueNumber
                0x08001d56                ucQueueGetQueueType
                0x08001d70                uxQueueGetQueueItemSize
                0x08001d88                uxQueueGetQueueLength
                0x08001fc0                xQueueIsQueueEmptyFromISR
                0x0800203a                xQueueIsQueueFullFromISR
                0x08002088                vQueueAddToRegistry
                0x08002128                pcQueueGetName
                0x08002194                vQueueUnregisterQueue
                0x08002208                vQueueWaitForMessageRestricted
 .text          0x08002270      0xf7a /tmp/cctAzJwe.o
                0x08002270                xStreamBufferGenericCreate
                0x0800236e                vStreamBufferDelete
                0x080023be                xStreamBufferReset
                0x0800244a                xStreamBufferResetFromISR
                0x080024f6                xStreamBufferSetTriggerLevel
                0x08002554                xStreamBufferSpacesAvailable
                0x080025cc                xStreamBufferBytesAvailable
                0x08002608                xStreamBufferSend
                0x080027b2                xStreamBufferSendFromISR
                0x08002950                xStreamBufferReceive
                0x08002aa2                xStreamBufferNextMessageLengthBytes
                0x08002b2e                xStreamBufferReceiveFromISR
                0x08002c8c                xStreamBufferIsEmpty
                0x08002cde                xStreamBufferIsFull
                0x08002d40                xStreamBufferSendCompletedFromISR
                0x08002dce                xStreamBufferReceiveCompletedFromISR
                0x080030c0                uxStreamBufferGetStreamBufferNotificationIndex
                0x080030fa                vStreamBufferSetStreamBufferNotificationIndex
                0x08003198                uxStreamBufferGetStreamBufferNumber
                0x080031b0                vStreamBufferSetStreamBufferNumber
                0x080031cc                ucStreamBufferGetStreamBufferType
 *fill*         0x080031ea        0x2 
 .text          0x080031ec     0x3270 /tmp/ccUUBVcM.o
                0x08003264                xTaskCreate
                0x08003524                vTaskDelete
                0x08003688                xTaskDelayUntil
                0x0800378c                vTaskDelay
                0x080037f8                eTaskGetState
                0x08003908                uxTaskPriorityGet
                0x0800395c                uxTaskPriorityGetFromISR
                0x080039d4                uxTaskBasePriorityGet
                0x08003a28                uxTaskBasePriorityGetFromISR
                0x08003aa0                vTaskPrioritySet
                0x08003c74                vTaskSuspend
                0x08003e64                vTaskResume
                0x08003f74                xTaskResumeFromISR
                0x08004160                vTaskStartScheduler
                0x080041e8                vTaskEndScheduler
                0x0800424c                vTaskSuspendAll
                0x08004268                xTaskResumeAll
                0x08004478                xTaskGetTickCount
                0x08004498                xTaskGetTickCountFromISR
                0x080044bc                uxTaskGetNumberOfTasks
                0x080044d4                pcTaskGetName
                0x08004520                uxTaskGetSystemState
                0x0800463c                xTaskCatchUpTicks
                0x08004694                xTaskIncrementTick
                0x080048c8                vTaskSwitchContext
                0x08004984                vTaskPlaceOnEventList
                0x080049d0                vTaskPlaceOnUnorderedEventList
                0x08004a80                vTaskPlaceOnEventListRestricted
                0x08004b0c                xTaskRemoveFromEventList
                0x08004cc0                vTaskRemoveFromUnorderedEventList
                0x08004e48                vTaskSetTimeOutState
                0x08004e98                vTaskInternalSetTimeOutState
                0x08004ec4                xTaskCheckForTimeOut
                0x08004f94                vTaskMissedYield
                0x08004fac                uxTaskGetTaskNumber
                0x08004fd8                vTaskSetTaskNumber
                0x0800510c                vTaskGetInfo
                0x08005334                xTaskGetCurrentTaskHandle
                0x08005354                xTaskGetCurrentTaskHandleForCore
                0x08005384                xTaskGetSchedulerState
                0x080053c0                xTaskPriorityInherit
                0x08005500                xTaskPriorityDisinherit
                0x08005650                vTaskPriorityDisinheritAfterTimeout
                0x080057c8                uxTaskResetEventItemValue
                0x080057f8                pvTaskIncrementMutexHeldCount
                0x08005828                ulTaskGenericNotifyTake
                0x0800592c                xTaskGenericNotifyWait
                0x08005a64                xTaskGenericNotify
                0x08005cb4                xTaskGenericNotifyFromISR
                0x08005f78                vTaskGenericNotifyGiveFromISR
                0x0800618c                xTaskGenericNotifyStateClear
                0x08006220                ulTaskGenericNotifyValueClear
                0x080063bc                vTaskResetState
 .text          0x0800645c      0x9d0 /tmp/ccubvliB.o
                0x0800645c                xTimerCreateTimerTask
                0x080064c4                xTimerCreate
                0x08006578                xTimerGenericCommandFromTask
                0x08006608                xTimerGenericCommandFromISR
                0x08006678                xTimerGetTimerDaemonTaskHandle
                0x080066b4                xTimerGetPeriod
                0x080066ee                vTimerSetReloadMode
                0x08006756                xTimerGetReloadMode
                0x080067aa                uxTimerGetReloadMode
                0x080067c6                xTimerGetExpiryTime
                0x08006804                pcTimerGetName
                0x08006cfc                xTimerIsTimerActive
                0x08006d50                pvTimerGetTimerID
                0x08006d92                vTimerSetTimerID
                0x08006dd4                uxTimerGetTimerNumber
                0x08006dec                vTimerSetTimerNumber
                0x08006e08                vTimerResetState
 .text          0x08006e2c      0x564 /tmp/ccMxHUoR.o
                0x08006e2c                pxPortInitialiseStack
                0x08006ef0                SVC_Handler
                0x08006f3a                xPortStartScheduler
                0x08007118                vPortEndScheduler
                0x08007150                vPortEnterCritical
                0x080071b4                vPortExitCritical
                0x08007208                PendSV_Handler
                0x0800726a                SysTick_Handler
                0x080072b0                vPortSetupTimerInterrupt
                0x0800730e                vPortValidateInterruptPriority
 .text          0x08007390      0x6c0 /tmp/ccylE07R.o
                0x08007390                pvPortMalloc
                0x08007600                vPortFree
                0x080076ec                xPortGetFreeHeapSize
                0x08007704                xPortGetMinimumEverFreeHeapSize
                0x0800771c                xPortResetHeapMinimumEverFreeHeapSize
                0x0800773c                vPortInitialiseBlocks
                0x0800774a                pvPortCalloc
                0x08007954                vPortGetHeapStats
                0x08007a10                vPortHeapResetState
 *(.text.*)
 *(.rodata)
 .rodata        0x08007a50       0x35 src/obj/main.o
 *fill*         0x08007a85        0x3 
 .rodata        0x08007a88        0x9 /tmp/ccUUBVcM.o
 *fill*         0x08007a91        0x3 
 .rodata        0x08007a94        0xd /tmp/ccubvliB.o
 *fill*         0x08007aa1        0x3 
 .rodata        0x08007aa4        0x4 /tmp/ccMxHUoR.o
 .rodata        0x08007aa8        0x4 /tmp/ccylE07R.o
 *(.rodata.*)
                0x08007aac                        . = ALIGN (0x4)
                0x08007aac                        _sidata = LOADADDR (.data)

.glue_7         0x08007aac        0x0
 .glue_7        0x08007aac        0x0 linker stubs

.glue_7t        0x08007aac        0x0
 .glue_7t       0x08007aac        0x0 linker stubs

.vfp11_veneer   0x08007aac        0x0
 .vfp11_veneer  0x08007aac        0x0 linker stubs

.v4_bx          0x08007aac        0x0
 .v4_bx         0x08007aac        0x0 linker stubs

.iplt           0x08007aac        0x0
 .iplt          0x08007aac        0x0 src/obj/main.o

.rel.dyn        0x08007aac        0x0
 .rel.iplt      0x08007aac        0x0 src/obj/main.o

.data           0x20000000        0x8 load address 0x08007aac
                0x20000000                        . = ALIGN (0x4)
                0x20000000                        _sdata = .
 *(.data)
 .data          0x20000000        0x4 src/obj/main.o
                0x20000000                SystemCoreClock
 .data          0x20000004        0x0 src/obj/startup_STM32F407VGT6.o
 .data          0x20000004        0x0 /tmp/cc2dDaRV.o
 .data          0x20000004        0x0 /tmp/ccuFXh9n.o
 .data          0x20000004        0x0 /tmp/ccN3d86A.o
 .data          0x20000004        0x0 /tmp/ccAIduG4.o
 .data          0x20000004        0x0 /tmp/cctAzJwe.o
 .data          0x20000004        0x0 /tmp/ccUUBVcM.o
 .data          0x20000004        0x0 /tmp/ccubvliB.o
 .data          0x20000004        0x4 /tmp/ccMxHUoR.o
 .data          0x20000008        0x0 /tmp/ccylE07R.o
 *(.data.*)
                0x20000008                        . = ALIGN (0x4)
                0x20000008                        _edata = .

.igot.plt       0x20000008        0x0 load address 0x08007ab4
 .igot.plt      0x20000008        0x0 src/obj/main.o

.bss            0x20000008    0x12da4 load address 0x08007ab4
                0x20000008                        . = ALIGN (0x4)
                0x20000008                        _sbss = .
 *(.bss)
 .bss           0x20000008        0x0 src/obj/main.o
 .bss           0x20000008        0x0 src/obj/startup_STM32F407VGT6.o
 .bss           0x20000008        0x0 /tmp/cc2dDaRV.o
 .bss           0x20000008        0x0 /tmp/ccuFXh9n.o
 .bss           0x20000008        0x0 /tmp/ccN3d86A.o
 .bss           0x20000008       0x40 /tmp/ccAIduG4.o
                0x20000008                xQueueRegistry
 .bss           0x20000048        0x0 /tmp/cctAzJwe.o
 .bss           0x20000048      0x104 /tmp/ccUUBVcM.o
                0x20000048                pxCurrentTCB
 .bss           0x2000014c       0x3c /tmp/ccubvliB.o
 .bss           0x20000188        0x8 /tmp/ccMxHUoR.o
 .bss           0x20000190    0x12c1c /tmp/ccylE07R.o
 *(.bss.*)
                0x20012dac                        . = ALIGN (0x4)
                0x20012dac                        _ebss = .
OUTPUT(debug/main.elf elf32-littlearm)
LOAD linker stubs

.debug_info     0x00000000     0x82d5
 .debug_info    0x00000000      0x5d2 src/obj/main.o
 .debug_info    0x000005d2      0x171 src/obj/startup_STM32F407VGT6.o
 .debug_info    0x00000743       0x73 /tmp/cc2dDaRV.o
 .debug_info    0x000007b6      0x978 /tmp/ccuFXh9n.o
 .debug_info    0x0000112e      0x29f /tmp/ccN3d86A.o
 .debug_info    0x000013cd     0x1845 /tmp/ccAIduG4.o
 .debug_info    0x00002c12     0x1479 /tmp/cctAzJwe.o
 .debug_info    0x0000408b     0x2870 /tmp/ccUUBVcM.o
 .debug_info    0x000068fb      0xeb2 /tmp/ccubvliB.o
 .debug_info    0x000077ad      0x564 /tmp/ccMxHUoR.o
 .debug_info    0x00007d11      0x5c4 /tmp/ccylE07R.o

.debug_abbrev   0x00000000     0x1820
 .debug_abbrev  0x00000000      0x25d src/obj/main.o
 .debug_abbrev  0x0000025d       0xfa src/obj/startup_STM32F407VGT6.o
 .debug_abbrev  0x00000357       0x26 /tmp/cc2dDaRV.o
 .debug_abbrev  0x0000037d      0x2b1 /tmp/ccuFXh9n.o
 .debug_abbrev  0x0000062e       0xec /tmp/ccN3d86A.o
 .debug_abbrev  0x0000071a      0x329 /tmp/ccAIduG4.o
 .debug_abbrev  0x00000a43      0x2d7 /tmp/cctAzJwe.o
 .debug_abbrev  0x00000d1a      0x3a9 /tmp/ccUUBVcM.o
 .debug_abbrev  0x000010c3      0x2db /tmp/ccubvliB.o
 .debug_abbrev  0x0000139e      0x245 /tmp/ccMxHUoR.o
 .debug_abbrev  0x000015e3      0x23d /tmp/ccylE07R.o

.debug_aranges  0x00000000      0x158
 .debug_aranges
                0x00000000       0x20 src/obj/main.o
 .debug_aranges
                0x00000020       0x20 src/obj/startup_STM32F407VGT6.o
 .debug_aranges
                0x00000040       0x18 /tmp/cc2dDaRV.o
 .debug_aranges
                0x00000058       0x20 /tmp/ccuFXh9n.o
 .debug_aranges
                0x00000078       0x20 /tmp/ccN3d86A.o
 .debug_aranges
                0x00000098       0x20 /tmp/ccAIduG4.o
 .debug_aranges
                0x000000b8       0x20 /tmp/cctAzJwe.o
 .debug_aranges
                0x000000d8       0x20 /tmp/ccUUBVcM.o
 .debug_aranges
                0x000000f8       0x20 /tmp/ccubvliB.o
 .debug_aranges
                0x00000118       0x20 /tmp/ccMxHUoR.o
 .debug_aranges
                0x00000138       0x20 /tmp/ccylE07R.o

.debug_line     0x00000000     0x48cf
 .debug_line    0x00000000      0x283 src/obj/main.o
 .debug_line    0x00000283       0xc4 src/obj/startup_STM32F407VGT6.o
 .debug_line    0x00000347       0x46 /tmp/cc2dDaRV.o
 .debug_line    0x0000038d      0x4d0 /tmp/ccuFXh9n.o
 .debug_line    0x0000085d      0x1c9 /tmp/ccN3d86A.o
 .debug_line    0x00000a26      0xef1 /tmp/ccAIduG4.o
 .debug_line    0x00001917      0x9d5 /tmp/cctAzJwe.o
 .debug_line    0x000022ec     0x1717 /tmp/ccUUBVcM.o
 .debug_line    0x00003a03      0x629 /tmp/ccubvliB.o
 .debug_line    0x0000402c      0x39d /tmp/ccMxHUoR.o
 .debug_line    0x000043c9      0x506 /tmp/ccylE07R.o

.debug_str      0x00000000     0x2cf7
 .debug_str     0x00000000     0x2cf7 src/obj/main.o
                                0x425 (size before relaxing)
 .debug_str     0x00002cf7      0x1b7 src/obj/startup_STM32F407VGT6.o
 .debug_str     0x00002cf7      0x153 /tmp/cc2dDaRV.o
 .debug_str     0x00002cf7      0x64c /tmp/ccuFXh9n.o
 .debug_str     0x00002cf7      0x297 /tmp/ccN3d86A.o
 .debug_str     0x00002cf7      0xb60 /tmp/ccAIduG4.o
 .debug_str     0x00002cf7      0x9a7 /tmp/cctAzJwe.o
 .debug_str     0x00002cf7     0x12b7 /tmp/ccUUBVcM.o
 .debug_str     0x00002cf7      0x90d /tmp/ccubvliB.o
 .debug_str     0x00002cf7      0x437 /tmp/ccMxHUoR.o
 .debug_str     0x00002cf7      0x510 /tmp/ccylE07R.o

.comment        0x00000000       0x26
 .comment       0x00000000       0x26 src/obj/main.o
                                 0x27 (size before relaxing)
 .comment       0x00000026       0x27 src/obj/startup_STM32F407VGT6.o
 .comment       0x00000026       0x27 /tmp/cc2dDaRV.o
 .comment       0x00000026       0x27 /tmp/ccuFXh9n.o
 .comment       0x00000026       0x27 /tmp/ccN3d86A.o
 .comment       0x00000026       0x27 /tmp/ccAIduG4.o
 .comment       0x00000026       0x27 /tmp/cctAzJwe.o
 .comment       0x00000026       0x27 /tmp/ccUUBVcM.o
 .comment       0x00000026       0x27 /tmp/ccubvliB.o
 .comment       0x00000026       0x27 /tmp/ccMxHUoR.o
 .comment       0x00000026       0x27 /tmp/ccylE07R.o

.ARM.attributes
                0x00000000       0x34
 .ARM.attributes
                0x00000000       0x34 src/obj/main.o
 .ARM.attributes
                0x00000034       0x34 src/obj/startup_STM32F407VGT6.o
 .ARM.attributes
                0x00000068       0x34 /tmp/cc2dDaRV.o
 .ARM.attributes
                0x0000009c       0x34 /tmp/ccuFXh9n.o
 .ARM.attributes
                0x000000d0       0x34 /tmp/ccN3d86A.o
 .ARM.attributes
                0x00000104       0x34 /tmp/ccAIduG4.o
 .ARM.attributes
                0x00000138       0x34 /tmp/cctAzJwe.o
 .ARM.attributes
                0x0000016c       0x34 /tmp/ccUUBVcM.o
 .ARM.attributes
                0x000001a0       0x34 /tmp/ccubvliB.o
 .ARM.attributes
                0x000001d4       0x34 /tmp/ccMxHUoR.o
 .ARM.attributes
                0x00000208       0x34 /tmp/ccylE07R.o

.debug_frame    0x00000000     0x1f08
 .debug_frame   0x00000000      0x198 src/obj/main.o
 .debug_frame   0x00000198       0x4c src/obj/startup_STM32F407VGT6.o
 .debug_frame   0x000001e4      0x1d0 /tmp/ccuFXh9n.o
 .debug_frame   0x000003b4       0xd8 /tmp/ccN3d86A.o
 .debug_frame   0x0000048c      0x580 /tmp/ccAIduG4.o
 .debug_frame   0x00000a0c      0x424 /tmp/cctAzJwe.o
 .debug_frame   0x00000e30      0x990 /tmp/ccUUBVcM.o
 .debug_frame   0x000017c0      0x40c /tmp/ccubvliB.o
 .debug_frame   0x00001bcc      0x1a8 /tmp/ccMxHUoR.o
 .debug_frame   0x00001d74      0x194 /tmp/ccylE07R.o

.debug_rnglists
                0x00000000       0x1c
 .debug_rnglists
                0x00000000       0x1c /tmp/ccUUBVcM.o
