
There are no discarded input sections

Memory Configuration

Name             Origin             Length             Attributes
SRAM             0x20000000         0x00020000         xrw
FLASH            0x08000000         0x00100000         xr
*default*        0x00000000         0xffffffff

Linker script and memory map

LOAD /usr/lib/gcc/arm-none-eabi/13.2.1/../../../arm-none-eabi/lib/thumb/v7e-m+fp/hard/libc.a
LOAD /usr/lib/gcc/arm-none-eabi/13.2.1/thumb/v7e-m+fp/hard/libgcc.a
LOAD src/obj/main.o
LOAD src/obj/spi_driver.o
LOAD src/obj/startup_STM32F407VGT6.o
LOAD /tmp/cc70P3Or.o
LOAD /tmp/cc96wU0S.o
LOAD /tmp/ccQlhSDe.o
LOAD /tmp/ccaQN3EZ.o
LOAD /tmp/ccmKx27Y.o
LOAD /tmp/cccTmUWD.o
LOAD /tmp/ccloX6yQ.o
LOAD /tmp/cch10ssP.o
LOAD /tmp/ccvEF3CO.o
                0x20020000                        _estack = (ORIGIN (SRAM) + LENGTH (SRAM))

.isr_vector     0x08000000      0x194
                0x08000000                        . = ALIGN (0x4)
 *(.isr_vector)
 .isr_vector    0x08000000      0x194 src/obj/startup_STM32F407VGT6.o
                0x08000000                fpn_vector
                0x08000194                        . = ALIGN (0x4)

.text           0x08000194     0x7aec
                0x08000194                        . = ALIGN (0x4)
 *(.text)
 .text          0x08000194      0x2a8 src/obj/main.o
                0x08000194                vApplicationIdleHook
                0x080001a2                vApplicationTickHook
                0x080001b0                vApplicationMallocFailedHook
                0x080001ce                vApplicationStackOverflowHook
                0x080001f0                memcpy
                0x0800022e                memset
                0x080003b8                main
 .text          0x0800043c      0x194 src/obj/spi_driver.o
                0x0800043c                spi_init
                0x08000578                spi_write
 .text          0x080005d0       0x6c src/obj/startup_STM32F407VGT6.o
                0x080005d0                Reset_handler
                0x08000634                UART2_handler
                0x08000634                EXTI15_10_handler
                0x08000634                DMA1_Stream7_handler
                0x08000634                UART1_handler
                0x08000634                TIM1_UP_TIM10_handler
                0x08000634                EXTI0_handler
                0x08000634                DMA1_Stream1_handler
                0x08000634                SDIO_handler
                0x08000634                NMI_handler
                0x08000634                DMA2_Stream3_handler
                0x08000634                TIM2_handler
                0x08000634                SPI3_handler
                0x08000634                TIM3_handler
                0x08000634                WWDG_handler
                0x08000634                UART6_handler
                0x08000634                SPI2_handler
                0x08000634                UsuageFault_handler
                0x08000634                DMA2_Stream6_handler
                0x08000634                DebugMonitor_handler
                0x08000634                I2C3_ER_handler
                0x08000634                DMA1_Stream3_handler
                0x08000634                MemManage_handler
                0x08000634                SPI4_handler
                0x08000634                HardFault_handler
                0x08000634                DMA1_Stream5_handler
                0x08000634                FPU_handler
                0x08000634                DMA2_Stream5_handler
                0x08000634                EXITI21_TAMP_STAMP_handler
                0x08000634                EXTI18_OTG_FS_WKUP_handler
                0x08000634                RCC_handler
                0x08000634                EXTI2_handler
                0x08000634                DMA2_Stream1_handler
                0x08000634                I2C1_ER_handler
                0x08000634                EXTI9_5__handler
                0x08000634                EXTI17_RTC_Alarm_handler
                0x08000634                I2C2_EV_handler
                0x08000634                EXITI22_RTC_WKUP_handler
                0x08000634                EXTI3_handler
                0x08000634                DMA2_Stream0_handler
                0x08000634                FLASH_handler
                0x08000634                OTG_FS_handler
                0x08000634                DMA1_Stream4_handler
                0x08000634                I2C2_ER_handler
                0x08000634                TIM1_BRK_TIM9_handler
                0x08000634                TIM4_handler
                0x08000634                DMA1_Stream2_handler
                0x08000634                EXTI4_handler
                0x08000634                DMA1_Stream6_handler
                0x08000634                ADC_handler
                0x08000634                I2C1_EV_handler
                0x08000634                SPI1_handler
                0x08000634                DMA2_Stream4_handler
                0x08000634                DMA2_Stream7_handler
                0x08000634                DMA1_Stream0_handler
                0x08000634                DMA2_Stream2_handler
                0x08000634                EXTI1_handler
                0x08000634                TIM1_TRG_COM_TIM11_handler
                0x08000634                TIM5_handler
                0x08000634                EXITI16_PVD__handler
                0x08000634                I2C3_EV_handler
                0x08000634                BusFault_handler
                0x08000634                TIM1_CC_handler
                0x08000634                Default_handler
 .text          0x0800063c        0x0 /tmp/cc70P3Or.o
 .text          0x0800063c      0x64c /tmp/cc96wU0S.o
                0x0800063c                xEventGroupCreate
                0x0800066a                xEventGroupSync
                0x080007cc                xEventGroupWaitBits
                0x08000970                xEventGroupClearBits
                0x080009e2                xEventGroupGetBitsFromISR
                0x08000a2a                xEventGroupSetBits
                0x08000b46                vEventGroupDelete
                0x08000bc8                vEventGroupSetBitsCallback
                0x08000be2                vEventGroupClearBitsCallback
                0x08000c40                uxEventGroupGetNumber
                0x08000c6c                vEventGroupSetNumber
 .text          0x08000c88      0x168 /tmp/ccQlhSDe.o
                0x08000c88                vListInitialise
                0x08000cc8                vListInitialiseItem
                0x08000ce2                vListInsertEnd
                0x08000d2a                vListInsert
                0x08000d9c                uxListRemove
 .text          0x08000df0     0x1654 /tmp/ccaQN3EZ.o
                0x08000df0                xQueueGenericReset
                0x08000f14                xQueueGenericCreate
                0x0800102c                xQueueCreateMutex
                0x0800105c                xQueueGiveMutexRecursive
                0x080010c6                xQueueTakeMutexRecursive
                0x08001174                xQueueCreateCountingSemaphore
                0x080011d2                xQueueGenericSend
                0x080013d8                xQueueGenericSendFromISR
                0x08001532                xQueueGiveFromISR
                0x0800167a                xQueueReceive
                0x08001840                xQueueSemaphoreTake
                0x08001a40                xQueuePeek
                0x08001bf0                xQueueReceiveFromISR
                0x08001d24                xQueuePeekFromISR
                0x08001df4                uxQueueMessagesWaiting
                0x08001e32                uxQueueSpacesAvailable
                0x08001e7a                uxQueueMessagesWaitingFromISR
                0x08001eb8                vQueueDelete
                0x08001ef6                uxQueueGetQueueNumber
                0x08001f0e                vQueueSetQueueNumber
                0x08001f2a                ucQueueGetQueueType
                0x08001f44                uxQueueGetQueueItemSize
                0x08001f5c                uxQueueGetQueueLength
                0x08002194                xQueueIsQueueEmptyFromISR
                0x0800220e                xQueueIsQueueFullFromISR
                0x0800225c                vQueueAddToRegistry
                0x080022fc                pcQueueGetName
                0x08002368                vQueueUnregisterQueue
                0x080023dc                vQueueWaitForMessageRestricted
 .text          0x08002444      0xf7a /tmp/ccmKx27Y.o
                0x08002444                xStreamBufferGenericCreate
                0x08002542                vStreamBufferDelete
                0x08002592                xStreamBufferReset
                0x0800261e                xStreamBufferResetFromISR
                0x080026ca                xStreamBufferSetTriggerLevel
                0x08002728                xStreamBufferSpacesAvailable
                0x080027a0                xStreamBufferBytesAvailable
                0x080027dc                xStreamBufferSend
                0x08002986                xStreamBufferSendFromISR
                0x08002b24                xStreamBufferReceive
                0x08002c76                xStreamBufferNextMessageLengthBytes
                0x08002d02                xStreamBufferReceiveFromISR
                0x08002e60                xStreamBufferIsEmpty
                0x08002eb2                xStreamBufferIsFull
                0x08002f14                xStreamBufferSendCompletedFromISR
                0x08002fa2                xStreamBufferReceiveCompletedFromISR
                0x08003294                uxStreamBufferGetStreamBufferNotificationIndex
                0x080032ce                vStreamBufferSetStreamBufferNotificationIndex
                0x0800336c                uxStreamBufferGetStreamBufferNumber
                0x08003384                vStreamBufferSetStreamBufferNumber
                0x080033a0                ucStreamBufferGetStreamBufferType
 *fill*         0x080033be        0x2 
 .text          0x080033c0     0x3270 /tmp/cccTmUWD.o
                0x08003438                xTaskCreate
                0x080036f8                vTaskDelete
                0x0800385c                xTaskDelayUntil
                0x08003960                vTaskDelay
                0x080039cc                eTaskGetState
                0x08003adc                uxTaskPriorityGet
                0x08003b30                uxTaskPriorityGetFromISR
                0x08003ba8                uxTaskBasePriorityGet
                0x08003bfc                uxTaskBasePriorityGetFromISR
                0x08003c74                vTaskPrioritySet
                0x08003e48                vTaskSuspend
                0x08004038                vTaskResume
                0x08004148                xTaskResumeFromISR
                0x08004334                vTaskStartScheduler
                0x080043bc                vTaskEndScheduler
                0x08004420                vTaskSuspendAll
                0x0800443c                xTaskResumeAll
                0x0800464c                xTaskGetTickCount
                0x0800466c                xTaskGetTickCountFromISR
                0x08004690                uxTaskGetNumberOfTasks
                0x080046a8                pcTaskGetName
                0x080046f4                uxTaskGetSystemState
                0x08004810                xTaskCatchUpTicks
                0x08004868                xTaskIncrementTick
                0x08004a9c                vTaskSwitchContext
                0x08004b58                vTaskPlaceOnEventList
                0x08004ba4                vTaskPlaceOnUnorderedEventList
                0x08004c54                vTaskPlaceOnEventListRestricted
                0x08004ce0                xTaskRemoveFromEventList
                0x08004e94                vTaskRemoveFromUnorderedEventList
                0x0800501c                vTaskSetTimeOutState
                0x0800506c                vTaskInternalSetTimeOutState
                0x08005098                xTaskCheckForTimeOut
                0x08005168                vTaskMissedYield
                0x08005180                uxTaskGetTaskNumber
                0x080051ac                vTaskSetTaskNumber
                0x080052e0                vTaskGetInfo
                0x08005508                xTaskGetCurrentTaskHandle
                0x08005528                xTaskGetCurrentTaskHandleForCore
                0x08005558                xTaskGetSchedulerState
                0x08005594                xTaskPriorityInherit
                0x080056d4                xTaskPriorityDisinherit
                0x08005824                vTaskPriorityDisinheritAfterTimeout
                0x0800599c                uxTaskResetEventItemValue
                0x080059cc                pvTaskIncrementMutexHeldCount
                0x080059fc                ulTaskGenericNotifyTake
                0x08005b00                xTaskGenericNotifyWait
                0x08005c38                xTaskGenericNotify
                0x08005e88                xTaskGenericNotifyFromISR
                0x0800614c                vTaskGenericNotifyGiveFromISR
                0x08006360                xTaskGenericNotifyStateClear
                0x080063f4                ulTaskGenericNotifyValueClear
                0x08006590                vTaskResetState
 .text          0x08006630      0x9d0 /tmp/ccloX6yQ.o
                0x08006630                xTimerCreateTimerTask
                0x08006698                xTimerCreate
                0x0800674c                xTimerGenericCommandFromTask
                0x080067dc                xTimerGenericCommandFromISR
                0x0800684c                xTimerGetTimerDaemonTaskHandle
                0x08006888                xTimerGetPeriod
                0x080068c2                vTimerSetReloadMode
                0x0800692a                xTimerGetReloadMode
                0x0800697e                uxTimerGetReloadMode
                0x0800699a                xTimerGetExpiryTime
                0x080069d8                pcTimerGetName
                0x08006ed0                xTimerIsTimerActive
                0x08006f24                pvTimerGetTimerID
                0x08006f66                vTimerSetTimerID
                0x08006fa8                uxTimerGetTimerNumber
                0x08006fc0                vTimerSetTimerNumber
                0x08006fdc                vTimerResetState
 .text          0x08007000      0x564 /tmp/cch10ssP.o
                0x08007000                pxPortInitialiseStack
                0x080070c4                SVC_Handler
                0x0800710e                xPortStartScheduler
                0x080072ec                vPortEndScheduler
                0x08007324                vPortEnterCritical
                0x08007388                vPortExitCritical
                0x080073dc                PendSV_Handler
                0x0800743e                SysTick_Handler
                0x08007484                vPortSetupTimerInterrupt
                0x080074e2                vPortValidateInterruptPriority
 .text          0x08007564      0x6c0 /tmp/ccvEF3CO.o
                0x08007564                pvPortMalloc
                0x080077d4                vPortFree
                0x080078c0                xPortGetFreeHeapSize
                0x080078d8                xPortGetMinimumEverFreeHeapSize
                0x080078f0                xPortResetHeapMinimumEverFreeHeapSize
                0x08007910                vPortInitialiseBlocks
                0x0800791e                pvPortCalloc
                0x08007b28                vPortGetHeapStats
                0x08007be4                vPortHeapResetState
 *(.text.*)
 *(.rodata)
 .rodata        0x08007c24       0x35 src/obj/main.o
 *fill*         0x08007c59        0x3 
 .rodata        0x08007c5c        0x9 /tmp/cccTmUWD.o
 *fill*         0x08007c65        0x3 
 .rodata        0x08007c68        0xd /tmp/ccloX6yQ.o
 *fill*         0x08007c75        0x3 
 .rodata        0x08007c78        0x4 /tmp/cch10ssP.o
 .rodata        0x08007c7c        0x4 /tmp/ccvEF3CO.o
 *(.rodata.*)
                0x08007c80                        . = ALIGN (0x4)
                0x08007c80                        _sidata = LOADADDR (.data)

.glue_7         0x08007c80        0x0
 .glue_7        0x08007c80        0x0 linker stubs

.glue_7t        0x08007c80        0x0
 .glue_7t       0x08007c80        0x0 linker stubs

.vfp11_veneer   0x08007c80        0x0
 .vfp11_veneer  0x08007c80        0x0 linker stubs

.v4_bx          0x08007c80        0x0
 .v4_bx         0x08007c80        0x0 linker stubs

.iplt           0x08007c80        0x0
 .iplt          0x08007c80        0x0 src/obj/main.o

.rel.dyn        0x08007c80        0x0
 .rel.iplt      0x08007c80        0x0 src/obj/main.o

.data           0x20000000        0x8 load address 0x08007c80
                0x20000000                        . = ALIGN (0x4)
                0x20000000                        _sdata = .
 *(.data)
 .data          0x20000000        0x4 src/obj/main.o
                0x20000000                SystemCoreClock
 .data          0x20000004        0x0 src/obj/spi_driver.o
 .data          0x20000004        0x0 src/obj/startup_STM32F407VGT6.o
 .data          0x20000004        0x0 /tmp/cc70P3Or.o
 .data          0x20000004        0x0 /tmp/cc96wU0S.o
 .data          0x20000004        0x0 /tmp/ccQlhSDe.o
 .data          0x20000004        0x0 /tmp/ccaQN3EZ.o
 .data          0x20000004        0x0 /tmp/ccmKx27Y.o
 .data          0x20000004        0x0 /tmp/cccTmUWD.o
 .data          0x20000004        0x0 /tmp/ccloX6yQ.o
 .data          0x20000004        0x4 /tmp/cch10ssP.o
 .data          0x20000008        0x0 /tmp/ccvEF3CO.o
 *(.data.*)
                0x20000008                        . = ALIGN (0x4)
                0x20000008                        _edata = .

.igot.plt       0x20000008        0x0 load address 0x08007c88
 .igot.plt      0x20000008        0x0 src/obj/main.o

.bss            0x20000008    0x12da4 load address 0x08007c88
                0x20000008                        . = ALIGN (0x4)
                0x20000008                        _sbss = .
 *(.bss)
 .bss           0x20000008        0x0 src/obj/main.o
 .bss           0x20000008        0x0 src/obj/spi_driver.o
 .bss           0x20000008        0x0 src/obj/startup_STM32F407VGT6.o
 .bss           0x20000008        0x0 /tmp/cc70P3Or.o
 .bss           0x20000008        0x0 /tmp/cc96wU0S.o
 .bss           0x20000008        0x0 /tmp/ccQlhSDe.o
 .bss           0x20000008       0x40 /tmp/ccaQN3EZ.o
                0x20000008                xQueueRegistry
 .bss           0x20000048        0x0 /tmp/ccmKx27Y.o
 .bss           0x20000048      0x104 /tmp/cccTmUWD.o
                0x20000048                pxCurrentTCB
 .bss           0x2000014c       0x3c /tmp/ccloX6yQ.o
 .bss           0x20000188        0x8 /tmp/cch10ssP.o
 .bss           0x20000190    0x12c1c /tmp/ccvEF3CO.o
 *(.bss.*)
                0x20012dac                        . = ALIGN (0x4)
                0x20012dac                        _ebss = .
OUTPUT(debug/main.elf elf32-littlearm)
LOAD linker stubs

.debug_info     0x00000000     0x86fe
 .debug_info    0x00000000      0x6a1 src/obj/main.o
 .debug_info    0x000006a1      0x35a src/obj/spi_driver.o
 .debug_info    0x000009fb      0x171 src/obj/startup_STM32F407VGT6.o
 .debug_info    0x00000b6c       0x73 /tmp/cc70P3Or.o
 .debug_info    0x00000bdf      0x978 /tmp/cc96wU0S.o
 .debug_info    0x00001557      0x29f /tmp/ccQlhSDe.o
 .debug_info    0x000017f6     0x1845 /tmp/ccaQN3EZ.o
 .debug_info    0x0000303b     0x1479 /tmp/ccmKx27Y.o
 .debug_info    0x000044b4     0x2870 /tmp/cccTmUWD.o
 .debug_info    0x00006d24      0xeb2 /tmp/ccloX6yQ.o
 .debug_info    0x00007bd6      0x564 /tmp/cch10ssP.o
 .debug_info    0x0000813a      0x5c4 /tmp/ccvEF3CO.o

.debug_abbrev   0x00000000     0x192f
 .debug_abbrev  0x00000000      0x28a src/obj/main.o
 .debug_abbrev  0x0000028a       0xe2 src/obj/spi_driver.o
 .debug_abbrev  0x0000036c       0xfa src/obj/startup_STM32F407VGT6.o
 .debug_abbrev  0x00000466       0x26 /tmp/cc70P3Or.o
 .debug_abbrev  0x0000048c      0x2b1 /tmp/cc96wU0S.o
 .debug_abbrev  0x0000073d       0xec /tmp/ccQlhSDe.o
 .debug_abbrev  0x00000829      0x329 /tmp/ccaQN3EZ.o
 .debug_abbrev  0x00000b52      0x2d7 /tmp/ccmKx27Y.o
 .debug_abbrev  0x00000e29      0x3a9 /tmp/cccTmUWD.o
 .debug_abbrev  0x000011d2      0x2db /tmp/ccloX6yQ.o
 .debug_abbrev  0x000014ad      0x245 /tmp/cch10ssP.o
 .debug_abbrev  0x000016f2      0x23d /tmp/ccvEF3CO.o

.debug_aranges  0x00000000      0x178
 .debug_aranges
                0x00000000       0x20 src/obj/main.o
 .debug_aranges
                0x00000020       0x20 src/obj/spi_driver.o
 .debug_aranges
                0x00000040       0x20 src/obj/startup_STM32F407VGT6.o
 .debug_aranges
                0x00000060       0x18 /tmp/cc70P3Or.o
 .debug_aranges
                0x00000078       0x20 /tmp/cc96wU0S.o
 .debug_aranges
                0x00000098       0x20 /tmp/ccQlhSDe.o
 .debug_aranges
                0x000000b8       0x20 /tmp/ccaQN3EZ.o
 .debug_aranges
                0x000000d8       0x20 /tmp/ccmKx27Y.o
 .debug_aranges
                0x000000f8       0x20 /tmp/cccTmUWD.o
 .debug_aranges
                0x00000118       0x20 /tmp/ccloX6yQ.o
 .debug_aranges
                0x00000138       0x20 /tmp/cch10ssP.o
 .debug_aranges
                0x00000158       0x20 /tmp/ccvEF3CO.o

.debug_line     0x00000000     0x4ac9
 .debug_line    0x00000000      0x2d5 src/obj/main.o
 .debug_line    0x000002d5      0x1a8 src/obj/spi_driver.o
 .debug_line    0x0000047d       0xc4 src/obj/startup_STM32F407VGT6.o
 .debug_line    0x00000541       0x46 /tmp/cc70P3Or.o
 .debug_line    0x00000587      0x4d0 /tmp/cc96wU0S.o
 .debug_line    0x00000a57      0x1c9 /tmp/ccQlhSDe.o
 .debug_line    0x00000c20      0xef1 /tmp/ccaQN3EZ.o
 .debug_line    0x00001b11      0x9d5 /tmp/ccmKx27Y.o
 .debug_line    0x000024e6     0x1717 /tmp/cccTmUWD.o
 .debug_line    0x00003bfd      0x629 /tmp/ccloX6yQ.o
 .debug_line    0x00004226      0x39d /tmp/cch10ssP.o
 .debug_line    0x000045c3      0x506 /tmp/ccvEF3CO.o

.debug_str      0x00000000     0x2d68
 .debug_str     0x00000000     0x2d68 src/obj/main.o
                                0x476 (size before relaxing)
 .debug_str     0x00002d68      0x2b3 src/obj/spi_driver.o
 .debug_str     0x00002d68      0x1b7 src/obj/startup_STM32F407VGT6.o
 .debug_str     0x00002d68      0x153 /tmp/cc70P3Or.o
 .debug_str     0x00002d68      0x64c /tmp/cc96wU0S.o
 .debug_str     0x00002d68      0x297 /tmp/ccQlhSDe.o
 .debug_str     0x00002d68      0xb60 /tmp/ccaQN3EZ.o
 .debug_str     0x00002d68      0x9a7 /tmp/ccmKx27Y.o
 .debug_str     0x00002d68     0x12b7 /tmp/cccTmUWD.o
 .debug_str     0x00002d68      0x90d /tmp/ccloX6yQ.o
 .debug_str     0x00002d68      0x437 /tmp/cch10ssP.o
 .debug_str     0x00002d68      0x510 /tmp/ccvEF3CO.o

.comment        0x00000000       0x26
 .comment       0x00000000       0x26 src/obj/main.o
                                 0x27 (size before relaxing)
 .comment       0x00000026       0x27 src/obj/spi_driver.o
 .comment       0x00000026       0x27 src/obj/startup_STM32F407VGT6.o
 .comment       0x00000026       0x27 /tmp/cc70P3Or.o
 .comment       0x00000026       0x27 /tmp/cc96wU0S.o
 .comment       0x00000026       0x27 /tmp/ccQlhSDe.o
 .comment       0x00000026       0x27 /tmp/ccaQN3EZ.o
 .comment       0x00000026       0x27 /tmp/ccmKx27Y.o
 .comment       0x00000026       0x27 /tmp/cccTmUWD.o
 .comment       0x00000026       0x27 /tmp/ccloX6yQ.o
 .comment       0x00000026       0x27 /tmp/cch10ssP.o
 .comment       0x00000026       0x27 /tmp/ccvEF3CO.o

.ARM.attributes
                0x00000000       0x34
 .ARM.attributes
                0x00000000       0x34 src/obj/main.o
 .ARM.attributes
                0x00000034       0x34 src/obj/spi_driver.o
 .ARM.attributes
                0x00000068       0x34 src/obj/startup_STM32F407VGT6.o
 .ARM.attributes
                0x0000009c       0x34 /tmp/cc70P3Or.o
 .ARM.attributes
                0x000000d0       0x34 /tmp/cc96wU0S.o
 .ARM.attributes
                0x00000104       0x34 /tmp/ccQlhSDe.o
 .ARM.attributes
                0x00000138       0x34 /tmp/ccaQN3EZ.o
 .ARM.attributes
                0x0000016c       0x34 /tmp/ccmKx27Y.o
 .ARM.attributes
                0x000001a0       0x34 /tmp/cccTmUWD.o
 .ARM.attributes
                0x000001d4       0x34 /tmp/ccloX6yQ.o
 .ARM.attributes
                0x00000208       0x34 /tmp/cch10ssP.o
 .ARM.attributes
                0x0000023c       0x34 /tmp/ccvEF3CO.o

.debug_frame    0x00000000     0x1f64
 .debug_frame   0x00000000      0x19c src/obj/main.o
 .debug_frame   0x0000019c       0x58 src/obj/spi_driver.o
 .debug_frame   0x000001f4       0x4c src/obj/startup_STM32F407VGT6.o
 .debug_frame   0x00000240      0x1d0 /tmp/cc96wU0S.o
 .debug_frame   0x00000410       0xd8 /tmp/ccQlhSDe.o
 .debug_frame   0x000004e8      0x580 /tmp/ccaQN3EZ.o
 .debug_frame   0x00000a68      0x424 /tmp/ccmKx27Y.o
 .debug_frame   0x00000e8c      0x990 /tmp/cccTmUWD.o
 .debug_frame   0x0000181c      0x40c /tmp/ccloX6yQ.o
 .debug_frame   0x00001c28      0x1a8 /tmp/cch10ssP.o
 .debug_frame   0x00001dd0      0x194 /tmp/ccvEF3CO.o

.debug_rnglists
                0x00000000       0x1c
 .debug_rnglists
                0x00000000       0x1c /tmp/cccTmUWD.o
