
There are no discarded input sections

Memory Configuration

Name             Origin             Length             Attributes
SRAM             0x20000000         0x00020000         xrw
FLASH            0x08000000         0x00100000         xr
*default*        0x00000000         0xffffffff

Linker script and memory map

LOAD /usr/lib/gcc/arm-none-eabi/13.2.1/../../../arm-none-eabi/lib/thumb/v7e-m+fp/hard/libc.a
LOAD /usr/lib/gcc/arm-none-eabi/13.2.1/thumb/v7e-m+fp/hard/libgcc.a
LOAD src/obj/main.o
LOAD src/obj/spi_driver.o
LOAD src/obj/startup_STM32F407VGT6.o
LOAD /tmp/ccwP8IEu.o
LOAD /tmp/ccMkU5bn.o
LOAD /tmp/cc2hNGe0.o
LOAD /tmp/ccfBECVj.o
LOAD /tmp/ccXoENkE.o
LOAD /tmp/cc4a09JK.o
LOAD /tmp/ccXgglRg.o
LOAD /tmp/ccttNzs6.o
LOAD /tmp/ccvuPbUl.o
                0x20020000                        _estack = (ORIGIN (SRAM) + LENGTH (SRAM))

.isr_vector     0x08000000      0x194
                0x08000000                        . = ALIGN (0x4)
 *(.isr_vector)
 .isr_vector    0x08000000      0x194 src/obj/startup_STM32F407VGT6.o
                0x08000000                fpn_vector
                0x08000194                        . = ALIGN (0x4)

.text           0x08000194     0x7abc
                0x08000194                        . = ALIGN (0x4)
 *(.text)
 .text          0x08000194      0x2a8 src/obj/main.o
                0x08000194                vApplicationIdleHook
                0x080001a2                vApplicationTickHook
                0x080001b0                vApplicationMallocFailedHook
                0x080001ce                vApplicationStackOverflowHook
                0x080001f0                memcpy
                0x0800022e                memset
                0x080003b8                main
 .text          0x0800043c      0x164 src/obj/spi_driver.o
                0x0800043c                spi_init
                0x08000548                spi_write
 .text          0x080005a0       0x6c src/obj/startup_STM32F407VGT6.o
                0x080005a0                Reset_handler
                0x08000604                UART2_handler
                0x08000604                EXTI15_10_handler
                0x08000604                DMA1_Stream7_handler
                0x08000604                UART1_handler
                0x08000604                TIM1_UP_TIM10_handler
                0x08000604                EXTI0_handler
                0x08000604                DMA1_Stream1_handler
                0x08000604                SDIO_handler
                0x08000604                NMI_handler
                0x08000604                DMA2_Stream3_handler
                0x08000604                TIM2_handler
                0x08000604                SPI3_handler
                0x08000604                TIM3_handler
                0x08000604                WWDG_handler
                0x08000604                UART6_handler
                0x08000604                SPI2_handler
                0x08000604                UsuageFault_handler
                0x08000604                DMA2_Stream6_handler
                0x08000604                DebugMonitor_handler
                0x08000604                I2C3_ER_handler
                0x08000604                DMA1_Stream3_handler
                0x08000604                MemManage_handler
                0x08000604                SPI4_handler
                0x08000604                HardFault_handler
                0x08000604                DMA1_Stream5_handler
                0x08000604                FPU_handler
                0x08000604                DMA2_Stream5_handler
                0x08000604                EXITI21_TAMP_STAMP_handler
                0x08000604                EXTI18_OTG_FS_WKUP_handler
                0x08000604                RCC_handler
                0x08000604                EXTI2_handler
                0x08000604                DMA2_Stream1_handler
                0x08000604                I2C1_ER_handler
                0x08000604                EXTI9_5__handler
                0x08000604                EXTI17_RTC_Alarm_handler
                0x08000604                I2C2_EV_handler
                0x08000604                EXITI22_RTC_WKUP_handler
                0x08000604                EXTI3_handler
                0x08000604                DMA2_Stream0_handler
                0x08000604                FLASH_handler
                0x08000604                OTG_FS_handler
                0x08000604                DMA1_Stream4_handler
                0x08000604                I2C2_ER_handler
                0x08000604                TIM1_BRK_TIM9_handler
                0x08000604                TIM4_handler
                0x08000604                DMA1_Stream2_handler
                0x08000604                EXTI4_handler
                0x08000604                DMA1_Stream6_handler
                0x08000604                ADC_handler
                0x08000604                I2C1_EV_handler
                0x08000604                SPI1_handler
                0x08000604                DMA2_Stream4_handler
                0x08000604                DMA2_Stream7_handler
                0x08000604                DMA1_Stream0_handler
                0x08000604                DMA2_Stream2_handler
                0x08000604                EXTI1_handler
                0x08000604                TIM1_TRG_COM_TIM11_handler
                0x08000604                TIM5_handler
                0x08000604                EXITI16_PVD__handler
                0x08000604                I2C3_EV_handler
                0x08000604                BusFault_handler
                0x08000604                TIM1_CC_handler
                0x08000604                Default_handler
 .text          0x0800060c        0x0 /tmp/ccwP8IEu.o
 .text          0x0800060c      0x64c /tmp/ccMkU5bn.o
                0x0800060c                xEventGroupCreate
                0x0800063a                xEventGroupSync
                0x0800079c                xEventGroupWaitBits
                0x08000940                xEventGroupClearBits
                0x080009b2                xEventGroupGetBitsFromISR
                0x080009fa                xEventGroupSetBits
                0x08000b16                vEventGroupDelete
                0x08000b98                vEventGroupSetBitsCallback
                0x08000bb2                vEventGroupClearBitsCallback
                0x08000c10                uxEventGroupGetNumber
                0x08000c3c                vEventGroupSetNumber
 .text          0x08000c58      0x168 /tmp/cc2hNGe0.o
                0x08000c58                vListInitialise
                0x08000c98                vListInitialiseItem
                0x08000cb2                vListInsertEnd
                0x08000cfa                vListInsert
                0x08000d6c                uxListRemove
 .text          0x08000dc0     0x1654 /tmp/ccfBECVj.o
                0x08000dc0                xQueueGenericReset
                0x08000ee4                xQueueGenericCreate
                0x08000ffc                xQueueCreateMutex
                0x0800102c                xQueueGiveMutexRecursive
                0x08001096                xQueueTakeMutexRecursive
                0x08001144                xQueueCreateCountingSemaphore
                0x080011a2                xQueueGenericSend
                0x080013a8                xQueueGenericSendFromISR
                0x08001502                xQueueGiveFromISR
                0x0800164a                xQueueReceive
                0x08001810                xQueueSemaphoreTake
                0x08001a10                xQueuePeek
                0x08001bc0                xQueueReceiveFromISR
                0x08001cf4                xQueuePeekFromISR
                0x08001dc4                uxQueueMessagesWaiting
                0x08001e02                uxQueueSpacesAvailable
                0x08001e4a                uxQueueMessagesWaitingFromISR
                0x08001e88                vQueueDelete
                0x08001ec6                uxQueueGetQueueNumber
                0x08001ede                vQueueSetQueueNumber
                0x08001efa                ucQueueGetQueueType
                0x08001f14                uxQueueGetQueueItemSize
                0x08001f2c                uxQueueGetQueueLength
                0x08002164                xQueueIsQueueEmptyFromISR
                0x080021de                xQueueIsQueueFullFromISR
                0x0800222c                vQueueAddToRegistry
                0x080022cc                pcQueueGetName
                0x08002338                vQueueUnregisterQueue
                0x080023ac                vQueueWaitForMessageRestricted
 .text          0x08002414      0xf7a /tmp/ccXoENkE.o
                0x08002414                xStreamBufferGenericCreate
                0x08002512                vStreamBufferDelete
                0x08002562                xStreamBufferReset
                0x080025ee                xStreamBufferResetFromISR
                0x0800269a                xStreamBufferSetTriggerLevel
                0x080026f8                xStreamBufferSpacesAvailable
                0x08002770                xStreamBufferBytesAvailable
                0x080027ac                xStreamBufferSend
                0x08002956                xStreamBufferSendFromISR
                0x08002af4                xStreamBufferReceive
                0x08002c46                xStreamBufferNextMessageLengthBytes
                0x08002cd2                xStreamBufferReceiveFromISR
                0x08002e30                xStreamBufferIsEmpty
                0x08002e82                xStreamBufferIsFull
                0x08002ee4                xStreamBufferSendCompletedFromISR
                0x08002f72                xStreamBufferReceiveCompletedFromISR
                0x08003264                uxStreamBufferGetStreamBufferNotificationIndex
                0x0800329e                vStreamBufferSetStreamBufferNotificationIndex
                0x0800333c                uxStreamBufferGetStreamBufferNumber
                0x08003354                vStreamBufferSetStreamBufferNumber
                0x08003370                ucStreamBufferGetStreamBufferType
 *fill*         0x0800338e        0x2 
 .text          0x08003390     0x3270 /tmp/cc4a09JK.o
                0x08003408                xTaskCreate
                0x080036c8                vTaskDelete
                0x0800382c                xTaskDelayUntil
                0x08003930                vTaskDelay
                0x0800399c                eTaskGetState
                0x08003aac                uxTaskPriorityGet
                0x08003b00                uxTaskPriorityGetFromISR
                0x08003b78                uxTaskBasePriorityGet
                0x08003bcc                uxTaskBasePriorityGetFromISR
                0x08003c44                vTaskPrioritySet
                0x08003e18                vTaskSuspend
                0x08004008                vTaskResume
                0x08004118                xTaskResumeFromISR
                0x08004304                vTaskStartScheduler
                0x0800438c                vTaskEndScheduler
                0x080043f0                vTaskSuspendAll
                0x0800440c                xTaskResumeAll
                0x0800461c                xTaskGetTickCount
                0x0800463c                xTaskGetTickCountFromISR
                0x08004660                uxTaskGetNumberOfTasks
                0x08004678                pcTaskGetName
                0x080046c4                uxTaskGetSystemState
                0x080047e0                xTaskCatchUpTicks
                0x08004838                xTaskIncrementTick
                0x08004a6c                vTaskSwitchContext
                0x08004b28                vTaskPlaceOnEventList
                0x08004b74                vTaskPlaceOnUnorderedEventList
                0x08004c24                vTaskPlaceOnEventListRestricted
                0x08004cb0                xTaskRemoveFromEventList
                0x08004e64                vTaskRemoveFromUnorderedEventList
                0x08004fec                vTaskSetTimeOutState
                0x0800503c                vTaskInternalSetTimeOutState
                0x08005068                xTaskCheckForTimeOut
                0x08005138                vTaskMissedYield
                0x08005150                uxTaskGetTaskNumber
                0x0800517c                vTaskSetTaskNumber
                0x080052b0                vTaskGetInfo
                0x080054d8                xTaskGetCurrentTaskHandle
                0x080054f8                xTaskGetCurrentTaskHandleForCore
                0x08005528                xTaskGetSchedulerState
                0x08005564                xTaskPriorityInherit
                0x080056a4                xTaskPriorityDisinherit
                0x080057f4                vTaskPriorityDisinheritAfterTimeout
                0x0800596c                uxTaskResetEventItemValue
                0x0800599c                pvTaskIncrementMutexHeldCount
                0x080059cc                ulTaskGenericNotifyTake
                0x08005ad0                xTaskGenericNotifyWait
                0x08005c08                xTaskGenericNotify
                0x08005e58                xTaskGenericNotifyFromISR
                0x0800611c                vTaskGenericNotifyGiveFromISR
                0x08006330                xTaskGenericNotifyStateClear
                0x080063c4                ulTaskGenericNotifyValueClear
                0x08006560                vTaskResetState
 .text          0x08006600      0x9d0 /tmp/ccXgglRg.o
                0x08006600                xTimerCreateTimerTask
                0x08006668                xTimerCreate
                0x0800671c                xTimerGenericCommandFromTask
                0x080067ac                xTimerGenericCommandFromISR
                0x0800681c                xTimerGetTimerDaemonTaskHandle
                0x08006858                xTimerGetPeriod
                0x08006892                vTimerSetReloadMode
                0x080068fa                xTimerGetReloadMode
                0x0800694e                uxTimerGetReloadMode
                0x0800696a                xTimerGetExpiryTime
                0x080069a8                pcTimerGetName
                0x08006ea0                xTimerIsTimerActive
                0x08006ef4                pvTimerGetTimerID
                0x08006f36                vTimerSetTimerID
                0x08006f78                uxTimerGetTimerNumber
                0x08006f90                vTimerSetTimerNumber
                0x08006fac                vTimerResetState
 .text          0x08006fd0      0x564 /tmp/ccttNzs6.o
                0x08006fd0                pxPortInitialiseStack
                0x08007094                SVC_Handler
                0x080070de                xPortStartScheduler
                0x080072bc                vPortEndScheduler
                0x080072f4                vPortEnterCritical
                0x08007358                vPortExitCritical
                0x080073ac                PendSV_Handler
                0x0800740e                SysTick_Handler
                0x08007454                vPortSetupTimerInterrupt
                0x080074b2                vPortValidateInterruptPriority
 .text          0x08007534      0x6c0 /tmp/ccvuPbUl.o
                0x08007534                pvPortMalloc
                0x080077a4                vPortFree
                0x08007890                xPortGetFreeHeapSize
                0x080078a8                xPortGetMinimumEverFreeHeapSize
                0x080078c0                xPortResetHeapMinimumEverFreeHeapSize
                0x080078e0                vPortInitialiseBlocks
                0x080078ee                pvPortCalloc
                0x08007af8                vPortGetHeapStats
                0x08007bb4                vPortHeapResetState
 *(.text.*)
 *(.rodata)
 .rodata        0x08007bf4       0x35 src/obj/main.o
 *fill*         0x08007c29        0x3 
 .rodata        0x08007c2c        0x9 /tmp/cc4a09JK.o
 *fill*         0x08007c35        0x3 
 .rodata        0x08007c38        0xd /tmp/ccXgglRg.o
 *fill*         0x08007c45        0x3 
 .rodata        0x08007c48        0x4 /tmp/ccttNzs6.o
 .rodata        0x08007c4c        0x4 /tmp/ccvuPbUl.o
 *(.rodata.*)
                0x08007c50                        . = ALIGN (0x4)
                0x08007c50                        _sidata = LOADADDR (.data)

.glue_7         0x08007c50        0x0
 .glue_7        0x08007c50        0x0 linker stubs

.glue_7t        0x08007c50        0x0
 .glue_7t       0x08007c50        0x0 linker stubs

.vfp11_veneer   0x08007c50        0x0
 .vfp11_veneer  0x08007c50        0x0 linker stubs

.v4_bx          0x08007c50        0x0
 .v4_bx         0x08007c50        0x0 linker stubs

.iplt           0x08007c50        0x0
 .iplt          0x08007c50        0x0 src/obj/main.o

.rel.dyn        0x08007c50        0x0
 .rel.iplt      0x08007c50        0x0 src/obj/main.o

.data           0x20000000        0x8 load address 0x08007c50
                0x20000000                        . = ALIGN (0x4)
                0x20000000                        _sdata = .
 *(.data)
 .data          0x20000000        0x4 src/obj/main.o
                0x20000000                SystemCoreClock
 .data          0x20000004        0x0 src/obj/spi_driver.o
 .data          0x20000004        0x0 src/obj/startup_STM32F407VGT6.o
 .data          0x20000004        0x0 /tmp/ccwP8IEu.o
 .data          0x20000004        0x0 /tmp/ccMkU5bn.o
 .data          0x20000004        0x0 /tmp/cc2hNGe0.o
 .data          0x20000004        0x0 /tmp/ccfBECVj.o
 .data          0x20000004        0x0 /tmp/ccXoENkE.o
 .data          0x20000004        0x0 /tmp/cc4a09JK.o
 .data          0x20000004        0x0 /tmp/ccXgglRg.o
 .data          0x20000004        0x4 /tmp/ccttNzs6.o
 .data          0x20000008        0x0 /tmp/ccvuPbUl.o
 *(.data.*)
                0x20000008                        . = ALIGN (0x4)
                0x20000008                        _edata = .

.igot.plt       0x20000008        0x0 load address 0x08007c58
 .igot.plt      0x20000008        0x0 src/obj/main.o

.bss            0x20000008    0x12da4 load address 0x08007c58
                0x20000008                        . = ALIGN (0x4)
                0x20000008                        _sbss = .
 *(.bss)
 .bss           0x20000008        0x0 src/obj/main.o
 .bss           0x20000008        0x0 src/obj/spi_driver.o
 .bss           0x20000008        0x0 src/obj/startup_STM32F407VGT6.o
 .bss           0x20000008        0x0 /tmp/ccwP8IEu.o
 .bss           0x20000008        0x0 /tmp/ccMkU5bn.o
 .bss           0x20000008        0x0 /tmp/cc2hNGe0.o
 .bss           0x20000008       0x40 /tmp/ccfBECVj.o
                0x20000008                xQueueRegistry
 .bss           0x20000048        0x0 /tmp/ccXoENkE.o
 .bss           0x20000048      0x104 /tmp/cc4a09JK.o
                0x20000048                pxCurrentTCB
 .bss           0x2000014c       0x3c /tmp/ccXgglRg.o
 .bss           0x20000188        0x8 /tmp/ccttNzs6.o
 .bss           0x20000190    0x12c1c /tmp/ccvuPbUl.o
 *(.bss.*)
                0x20012dac                        . = ALIGN (0x4)
                0x20012dac                        _ebss = .
OUTPUT(debug/main.elf elf32-littlearm)
LOAD linker stubs

.debug_info     0x00000000     0x86fe
 .debug_info    0x00000000      0x6a1 src/obj/main.o
 .debug_info    0x000006a1      0x35a src/obj/spi_driver.o
 .debug_info    0x000009fb      0x171 src/obj/startup_STM32F407VGT6.o
 .debug_info    0x00000b6c       0x73 /tmp/ccwP8IEu.o
 .debug_info    0x00000bdf      0x978 /tmp/ccMkU5bn.o
 .debug_info    0x00001557      0x29f /tmp/cc2hNGe0.o
 .debug_info    0x000017f6     0x1845 /tmp/ccfBECVj.o
 .debug_info    0x0000303b     0x1479 /tmp/ccXoENkE.o
 .debug_info    0x000044b4     0x2870 /tmp/cc4a09JK.o
 .debug_info    0x00006d24      0xeb2 /tmp/ccXgglRg.o
 .debug_info    0x00007bd6      0x564 /tmp/ccttNzs6.o
 .debug_info    0x0000813a      0x5c4 /tmp/ccvuPbUl.o

.debug_abbrev   0x00000000     0x192f
 .debug_abbrev  0x00000000      0x28a src/obj/main.o
 .debug_abbrev  0x0000028a       0xe2 src/obj/spi_driver.o
 .debug_abbrev  0x0000036c       0xfa src/obj/startup_STM32F407VGT6.o
 .debug_abbrev  0x00000466       0x26 /tmp/ccwP8IEu.o
 .debug_abbrev  0x0000048c      0x2b1 /tmp/ccMkU5bn.o
 .debug_abbrev  0x0000073d       0xec /tmp/cc2hNGe0.o
 .debug_abbrev  0x00000829      0x329 /tmp/ccfBECVj.o
 .debug_abbrev  0x00000b52      0x2d7 /tmp/ccXoENkE.o
 .debug_abbrev  0x00000e29      0x3a9 /tmp/cc4a09JK.o
 .debug_abbrev  0x000011d2      0x2db /tmp/ccXgglRg.o
 .debug_abbrev  0x000014ad      0x245 /tmp/ccttNzs6.o
 .debug_abbrev  0x000016f2      0x23d /tmp/ccvuPbUl.o

.debug_aranges  0x00000000      0x178
 .debug_aranges
                0x00000000       0x20 src/obj/main.o
 .debug_aranges
                0x00000020       0x20 src/obj/spi_driver.o
 .debug_aranges
                0x00000040       0x20 src/obj/startup_STM32F407VGT6.o
 .debug_aranges
                0x00000060       0x18 /tmp/ccwP8IEu.o
 .debug_aranges
                0x00000078       0x20 /tmp/ccMkU5bn.o
 .debug_aranges
                0x00000098       0x20 /tmp/cc2hNGe0.o
 .debug_aranges
                0x000000b8       0x20 /tmp/ccfBECVj.o
 .debug_aranges
                0x000000d8       0x20 /tmp/ccXoENkE.o
 .debug_aranges
                0x000000f8       0x20 /tmp/cc4a09JK.o
 .debug_aranges
                0x00000118       0x20 /tmp/ccXgglRg.o
 .debug_aranges
                0x00000138       0x20 /tmp/ccttNzs6.o
 .debug_aranges
                0x00000158       0x20 /tmp/ccvuPbUl.o

.debug_line     0x00000000     0x4aa5
 .debug_line    0x00000000      0x2d5 src/obj/main.o
 .debug_line    0x000002d5      0x184 src/obj/spi_driver.o
 .debug_line    0x00000459       0xc4 src/obj/startup_STM32F407VGT6.o
 .debug_line    0x0000051d       0x46 /tmp/ccwP8IEu.o
 .debug_line    0x00000563      0x4d0 /tmp/ccMkU5bn.o
 .debug_line    0x00000a33      0x1c9 /tmp/cc2hNGe0.o
 .debug_line    0x00000bfc      0xef1 /tmp/ccfBECVj.o
 .debug_line    0x00001aed      0x9d5 /tmp/ccXoENkE.o
 .debug_line    0x000024c2     0x1717 /tmp/cc4a09JK.o
 .debug_line    0x00003bd9      0x629 /tmp/ccXgglRg.o
 .debug_line    0x00004202      0x39d /tmp/ccttNzs6.o
 .debug_line    0x0000459f      0x506 /tmp/ccvuPbUl.o

.debug_str      0x00000000     0x2d68
 .debug_str     0x00000000     0x2d68 src/obj/main.o
                                0x476 (size before relaxing)
 .debug_str     0x00002d68      0x2b3 src/obj/spi_driver.o
 .debug_str     0x00002d68      0x1b7 src/obj/startup_STM32F407VGT6.o
 .debug_str     0x00002d68      0x153 /tmp/ccwP8IEu.o
 .debug_str     0x00002d68      0x64c /tmp/ccMkU5bn.o
 .debug_str     0x00002d68      0x297 /tmp/cc2hNGe0.o
 .debug_str     0x00002d68      0xb60 /tmp/ccfBECVj.o
 .debug_str     0x00002d68      0x9a7 /tmp/ccXoENkE.o
 .debug_str     0x00002d68     0x12b7 /tmp/cc4a09JK.o
 .debug_str     0x00002d68      0x90d /tmp/ccXgglRg.o
 .debug_str     0x00002d68      0x437 /tmp/ccttNzs6.o
 .debug_str     0x00002d68      0x510 /tmp/ccvuPbUl.o

.comment        0x00000000       0x26
 .comment       0x00000000       0x26 src/obj/main.o
                                 0x27 (size before relaxing)
 .comment       0x00000026       0x27 src/obj/spi_driver.o
 .comment       0x00000026       0x27 src/obj/startup_STM32F407VGT6.o
 .comment       0x00000026       0x27 /tmp/ccwP8IEu.o
 .comment       0x00000026       0x27 /tmp/ccMkU5bn.o
 .comment       0x00000026       0x27 /tmp/cc2hNGe0.o
 .comment       0x00000026       0x27 /tmp/ccfBECVj.o
 .comment       0x00000026       0x27 /tmp/ccXoENkE.o
 .comment       0x00000026       0x27 /tmp/cc4a09JK.o
 .comment       0x00000026       0x27 /tmp/ccXgglRg.o
 .comment       0x00000026       0x27 /tmp/ccttNzs6.o
 .comment       0x00000026       0x27 /tmp/ccvuPbUl.o

.ARM.attributes
                0x00000000       0x34
 .ARM.attributes
                0x00000000       0x34 src/obj/main.o
 .ARM.attributes
                0x00000034       0x34 src/obj/spi_driver.o
 .ARM.attributes
                0x00000068       0x34 src/obj/startup_STM32F407VGT6.o
 .ARM.attributes
                0x0000009c       0x34 /tmp/ccwP8IEu.o
 .ARM.attributes
                0x000000d0       0x34 /tmp/ccMkU5bn.o
 .ARM.attributes
                0x00000104       0x34 /tmp/cc2hNGe0.o
 .ARM.attributes
                0x00000138       0x34 /tmp/ccfBECVj.o
 .ARM.attributes
                0x0000016c       0x34 /tmp/ccXoENkE.o
 .ARM.attributes
                0x000001a0       0x34 /tmp/cc4a09JK.o
 .ARM.attributes
                0x000001d4       0x34 /tmp/ccXgglRg.o
 .ARM.attributes
                0x00000208       0x34 /tmp/ccttNzs6.o
 .ARM.attributes
                0x0000023c       0x34 /tmp/ccvuPbUl.o

.debug_frame    0x00000000     0x1f64
 .debug_frame   0x00000000      0x19c src/obj/main.o
 .debug_frame   0x0000019c       0x58 src/obj/spi_driver.o
 .debug_frame   0x000001f4       0x4c src/obj/startup_STM32F407VGT6.o
 .debug_frame   0x00000240      0x1d0 /tmp/ccMkU5bn.o
 .debug_frame   0x00000410       0xd8 /tmp/cc2hNGe0.o
 .debug_frame   0x000004e8      0x580 /tmp/ccfBECVj.o
 .debug_frame   0x00000a68      0x424 /tmp/ccXoENkE.o
 .debug_frame   0x00000e8c      0x990 /tmp/cc4a09JK.o
 .debug_frame   0x0000181c      0x40c /tmp/ccXgglRg.o
 .debug_frame   0x00001c28      0x1a8 /tmp/ccttNzs6.o
 .debug_frame   0x00001dd0      0x194 /tmp/ccvuPbUl.o

.debug_rnglists
                0x00000000       0x1c
 .debug_rnglists
                0x00000000       0x1c /tmp/cc4a09JK.o
